[2026-04-24T21:30:07.788+0000] {local_task_job_runner.py:123} INFO - ::group::Pre task execution logs
[2026-04-24T21:30:07.846+0000] {taskinstance.py:2612} INFO - Dependencies all met for dep_context=non-requeueable deps ti=<TaskInstance: Medium_to_Pinecone.create_pinecone_index manual__2026-04-24T21:29:54.586470+00:00 [queued]>
[2026-04-24T21:30:07.866+0000] {taskinstance.py:2612} INFO - Dependencies all met for dep_context=requeueable deps ti=<TaskInstance: Medium_to_Pinecone.create_pinecone_index manual__2026-04-24T21:29:54.586470+00:00 [queued]>
[2026-04-24T21:30:07.867+0000] {taskinstance.py:2865} INFO - Starting attempt 1 of 2
[2026-04-24T21:30:07.912+0000] {taskinstance.py:2888} INFO - Executing <Task(_PythonDecoratedOperator): create_pinecone_index> on 2026-04-24 21:29:54.586470+00:00
[2026-04-24T21:30:08.007+0000] {logging_mixin.py:190} WARNING - /home/***/.local/lib/python3.12/site-packages/***/task/task_runner/standard_task_runner.py:70 DeprecationWarning: This process (pid=1026) is multi-threaded, use of fork() may lead to deadlocks in the child.
[2026-04-24T21:30:08.015+0000] {standard_task_runner.py:72} INFO - Started process 1053 to run task
[2026-04-24T21:30:08.013+0000] {standard_task_runner.py:104} INFO - Running: ['***', 'tasks', 'run', 'Medium_to_Pinecone', 'create_pinecone_index', 'manual__2026-04-24T21:29:54.586470+00:00', '--job-id', '8', '--raw', '--subdir', 'DAGS_FOLDER/build_pinecone_search.py', '--cfg-path', '/tmp/tmpfp66atwd']
[2026-04-24T21:30:08.040+0000] {standard_task_runner.py:105} INFO - Job 8: Subtask create_pinecone_index
[2026-04-24T21:30:08.258+0000] {task_command.py:467} INFO - Running <TaskInstance: Medium_to_Pinecone.create_pinecone_index manual__2026-04-24T21:29:54.586470+00:00 [running]> on host 3e39e4875ad0
[2026-04-24T21:30:08.459+0000] {taskinstance.py:3131} INFO - Exporting env vars: AIRFLOW_CTX_DAG_OWNER='***' AIRFLOW_CTX_DAG_ID='Medium_to_Pinecone' AIRFLOW_CTX_TASK_ID='create_pinecone_index' AIRFLOW_CTX_EXECUTION_DATE='2026-04-24T21:29:54.586470+00:00' AIRFLOW_CTX_TRY_NUMBER='1' AIRFLOW_CTX_DAG_RUN_ID='manual__2026-04-24T21:29:54.586470+00:00'
[2026-04-24T21:30:08.464+0000] {taskinstance.py:731} INFO - ::endgroup::
[2026-04-24T21:30:08.507+0000] {discover_namespace_packages.py:12} INFO - Discovering subpackages in _NamespacePath(['/home/***/.local/lib/python3.12/site-packages/pinecone_plugins'])
[2026-04-24T21:30:08.510+0000] {discover_plugins.py:9} INFO - Looking for plugins in pinecone_plugins.inference
[2026-04-24T21:30:08.530+0000] {installation.py:10} INFO - Installing plugin inference into Pinecone
[2026-04-24T21:30:20.073+0000] {logging_mixin.py:190} INFO - Pinecone index 'semantic-search-fast' created successfully
[2026-04-24T21:30:20.108+0000] {python.py:240} INFO - Done. Returned value was: semantic-search-fast
[2026-04-24T21:30:20.217+0000] {taskinstance.py:340} INFO - ::group::Post task execution logs
[2026-04-24T21:30:20.219+0000] {taskinstance.py:352} INFO - Marking task as SUCCESS. dag_id=Medium_to_Pinecone, task_id=create_pinecone_index, run_id=manual__2026-04-24T21:29:54.586470+00:00, execution_date=20260424T212954, start_date=20260424T213007, end_date=20260424T213020
[2026-04-24T21:30:20.279+0000] {local_task_job_runner.py:266} INFO - Task exited with return code 0
[2026-04-24T21:30:20.367+0000] {taskinstance.py:3900} INFO - 1 downstream tasks scheduled from follow-on schedule check
[2026-04-24T21:30:20.371+0000] {local_task_job_runner.py:245} INFO - ::endgroup::
