[2026-04-24T21:01:42.234+0000] {manager.py:486} INFO - Processing files using up to 2 processes at a time 
[2026-04-24T21:01:42.234+0000] {manager.py:487} INFO - Process each file at most once every 30 seconds
[2026-04-24T21:01:42.235+0000] {manager.py:488} INFO - Checking for new files in /opt/airflow/dags every 300 seconds
[2026-04-24T21:01:42.235+0000] {manager.py:832} INFO - Searching for files in /opt/airflow/dags
[2026-04-24T21:01:42.236+0000] {manager.py:835} INFO - There are 0 files in /opt/airflow/dags
[2026-04-24T21:06:42.668+0000] {manager.py:832} INFO - Searching for files in /opt/airflow/dags
[2026-04-24T21:06:42.685+0000] {manager.py:835} INFO - There are 1 files in /opt/airflow/dags
[2026-04-24T21:06:45.867+0000] {manager.py:1008} INFO - 
================================================================================
DAG File Processing Stats

File Path                                     PID  Runtime      # DAGs    # Errors  Last Runtime    Last Run      Last # of DB Queries
------------------------------------------  -----  ---------  --------  ----------  --------------  ----------  ----------------------
/opt/airflow/dags/build_pinecone_search.py    408  3.07s             0           0                                                   0
================================================================================
[2026-04-24T21:07:16.311+0000] {manager.py:1008} INFO - 
================================================================================
DAG File Processing Stats

File Path                                   PID    Runtime      # DAGs    # Errors  Last Runtime    Last Run               Last # of DB Queries
------------------------------------------  -----  ---------  --------  ----------  --------------  -------------------  ----------------------
/opt/airflow/dags/build_pinecone_search.py                           1           0  10.26s          2026-04-24T21:06:53                      45
================================================================================
[2026-04-24T21:07:46.782+0000] {manager.py:1008} INFO - 
================================================================================
DAG File Processing Stats

File Path                                   PID    Runtime      # DAGs    # Errors  Last Runtime    Last Run               Last # of DB Queries
------------------------------------------  -----  ---------  --------  ----------  --------------  -------------------  ----------------------
/opt/airflow/dags/build_pinecone_search.py                           1           0  6.05s           2026-04-24T21:07:29                      12
================================================================================
[2026-04-24T21:08:17.263+0000] {manager.py:1008} INFO - 
================================================================================
DAG File Processing Stats

File Path                                   PID    Runtime      # DAGs    # Errors  Last Runtime    Last Run               Last # of DB Queries
------------------------------------------  -----  ---------  --------  ----------  --------------  -------------------  ----------------------
/opt/airflow/dags/build_pinecone_search.py                           1           0  4.56s           2026-04-24T21:08:04                      12
================================================================================
[2026-04-24T21:08:47.573+0000] {manager.py:1008} INFO - 
================================================================================
DAG File Processing Stats

File Path                                   PID    Runtime      # DAGs    # Errors  Last Runtime    Last Run               Last # of DB Queries
------------------------------------------  -----  ---------  --------  ----------  --------------  -------------------  ----------------------
/opt/airflow/dags/build_pinecone_search.py                           1           0  3.86s           2026-04-24T21:08:38                      12
================================================================================
[2026-04-24T21:09:17.779+0000] {manager.py:1008} INFO - 
================================================================================
DAG File Processing Stats

File Path                                   PID    Runtime      # DAGs    # Errors  Last Runtime    Last Run               Last # of DB Queries
------------------------------------------  -----  ---------  --------  ----------  --------------  -------------------  ----------------------
/opt/airflow/dags/build_pinecone_search.py                           1           0  3.94s           2026-04-24T21:09:12                      12
================================================================================
[2026-04-24T21:09:47.897+0000] {manager.py:1008} INFO - 
================================================================================
DAG File Processing Stats

File Path                                   PID    Runtime      # DAGs    # Errors  Last Runtime    Last Run               Last # of DB Queries
------------------------------------------  -----  ---------  --------  ----------  --------------  -------------------  ----------------------
/opt/airflow/dags/build_pinecone_search.py                           1           0  4.43s           2026-04-24T21:09:47                      12
================================================================================
[2026-04-24T21:13:20.215+0000] {manager.py:486} INFO - Processing files using up to 2 processes at a time 
[2026-04-24T21:13:20.217+0000] {manager.py:487} INFO - Process each file at most once every 30 seconds
[2026-04-24T21:13:20.218+0000] {manager.py:488} INFO - Checking for new files in /opt/airflow/dags every 300 seconds
[2026-04-24T21:13:20.218+0000] {manager.py:832} INFO - Searching for files in /opt/airflow/dags
[2026-04-24T21:13:20.227+0000] {manager.py:835} INFO - There are 1 files in /opt/airflow/dags
[2026-04-24T21:13:20.335+0000] {manager.py:1008} INFO - 
================================================================================
DAG File Processing Stats

File Path                                     PID  Runtime      # DAGs    # Errors  Last Runtime    Last Run      Last # of DB Queries
------------------------------------------  -----  ---------  --------  ----------  --------------  ----------  ----------------------
/opt/airflow/dags/build_pinecone_search.py    321  0.02s             0           0                                                   0
================================================================================
[2026-04-24T21:13:50.425+0000] {manager.py:1008} INFO - 
================================================================================
DAG File Processing Stats

File Path                                   PID    Runtime      # DAGs    # Errors  Last Runtime    Last Run               Last # of DB Queries
------------------------------------------  -----  ---------  --------  ----------  --------------  -------------------  ----------------------
/opt/airflow/dags/build_pinecone_search.py                           1           0  9.79s           2026-04-24T21:13:30                      12
================================================================================
[2026-04-24T21:14:21.027+0000] {manager.py:1008} INFO - 
================================================================================
DAG File Processing Stats

File Path                                   PID    Runtime      # DAGs    # Errors  Last Runtime    Last Run               Last # of DB Queries
------------------------------------------  -----  ---------  --------  ----------  --------------  -------------------  ----------------------
/opt/airflow/dags/build_pinecone_search.py                           1           0  5.35s           2026-04-24T21:14:05                      12
================================================================================
[2026-04-24T21:14:51.452+0000] {manager.py:1008} INFO - 
================================================================================
DAG File Processing Stats

File Path                                   PID    Runtime      # DAGs    # Errors  Last Runtime    Last Run               Last # of DB Queries
------------------------------------------  -----  ---------  --------  ----------  --------------  -------------------  ----------------------
/opt/airflow/dags/build_pinecone_search.py                           1           0  5.19s           2026-04-24T21:14:41                      12
================================================================================
[2026-04-24T21:15:21.803+0000] {manager.py:1008} INFO - 
================================================================================
DAG File Processing Stats

File Path                                   PID    Runtime      # DAGs    # Errors  Last Runtime    Last Run               Last # of DB Queries
------------------------------------------  -----  ---------  --------  ----------  --------------  -------------------  ----------------------
/opt/airflow/dags/build_pinecone_search.py                           1           0  3.90s           2026-04-24T21:15:15                      12
================================================================================
[2026-04-24T21:15:51.831+0000] {manager.py:1008} INFO - 
================================================================================
DAG File Processing Stats

File Path                                   PID    Runtime      # DAGs    # Errors  Last Runtime    Last Run               Last # of DB Queries
------------------------------------------  -----  ---------  --------  ----------  --------------  -------------------  ----------------------
/opt/airflow/dags/build_pinecone_search.py                           1           0  5.60s           2026-04-24T21:15:51                      12
================================================================================
[2026-04-24T21:16:22.224+0000] {manager.py:1008} INFO - 
================================================================================
DAG File Processing Stats

File Path                                     PID  Runtime      # DAGs    # Errors  Last Runtime    Last Run               Last # of DB Queries
------------------------------------------  -----  ---------  --------  ----------  --------------  -------------------  ----------------------
/opt/airflow/dags/build_pinecone_search.py    447  0.03s             1           0  5.60s           2026-04-24T21:15:51                      12
================================================================================
[2026-04-24T21:16:52.527+0000] {manager.py:1008} INFO - 
================================================================================
DAG File Processing Stats

File Path                                   PID    Runtime      # DAGs    # Errors  Last Runtime    Last Run               Last # of DB Queries
------------------------------------------  -----  ---------  --------  ----------  --------------  -------------------  ----------------------
/opt/airflow/dags/build_pinecone_search.py                           1           0  4.37s           2026-04-24T21:16:26                      12
================================================================================
[2026-04-24T21:17:22.931+0000] {manager.py:1008} INFO - 
================================================================================
DAG File Processing Stats

File Path                                   PID    Runtime      # DAGs    # Errors  Last Runtime    Last Run               Last # of DB Queries
------------------------------------------  -----  ---------  --------  ----------  --------------  -------------------  ----------------------
/opt/airflow/dags/build_pinecone_search.py                           1           0  4.02s           2026-04-24T21:17:00                      12
================================================================================
[2026-04-24T21:17:53.152+0000] {manager.py:1008} INFO - 
================================================================================
DAG File Processing Stats

File Path                                   PID    Runtime      # DAGs    # Errors  Last Runtime    Last Run               Last # of DB Queries
------------------------------------------  -----  ---------  --------  ----------  --------------  -------------------  ----------------------
/opt/airflow/dags/build_pinecone_search.py                           1           0  10.90s          2026-04-24T21:17:42                      12
================================================================================
[2026-04-24T21:18:20.349+0000] {manager.py:832} INFO - Searching for files in /opt/airflow/dags
[2026-04-24T21:18:20.359+0000] {manager.py:835} INFO - There are 1 files in /opt/airflow/dags
[2026-04-24T21:18:23.411+0000] {manager.py:1008} INFO - 
================================================================================
DAG File Processing Stats

File Path                                   PID    Runtime      # DAGs    # Errors  Last Runtime    Last Run               Last # of DB Queries
------------------------------------------  -----  ---------  --------  ----------  --------------  -------------------  ----------------------
/opt/airflow/dags/build_pinecone_search.py                           1           0  5.91s           2026-04-24T21:18:18                      12
================================================================================
[2026-04-24T21:18:53.698+0000] {manager.py:1008} INFO - 
================================================================================
DAG File Processing Stats

File Path                                   PID    Runtime      # DAGs    # Errors  Last Runtime    Last Run               Last # of DB Queries
------------------------------------------  -----  ---------  --------  ----------  --------------  -------------------  ----------------------
/opt/airflow/dags/build_pinecone_search.py                           1           0  4.36s           2026-04-24T21:18:52                      12
================================================================================
[2026-04-24T21:19:24.154+0000] {manager.py:1008} INFO - 
================================================================================
DAG File Processing Stats

File Path                                     PID  Runtime      # DAGs    # Errors  Last Runtime    Last Run               Last # of DB Queries
------------------------------------------  -----  ---------  --------  ----------  --------------  -------------------  ----------------------
/opt/airflow/dags/build_pinecone_search.py    553  1.05s             1           0  4.36s           2026-04-24T21:18:52                      12
================================================================================
[2026-04-24T21:19:54.504+0000] {manager.py:1008} INFO - 
================================================================================
DAG File Processing Stats

File Path                                   PID    Runtime      # DAGs    # Errors  Last Runtime    Last Run               Last # of DB Queries
------------------------------------------  -----  ---------  --------  ----------  --------------  -------------------  ----------------------
/opt/airflow/dags/build_pinecone_search.py                           1           0  4.52s           2026-04-24T21:19:27                      12
================================================================================
[2026-04-24T21:20:25.357+0000] {manager.py:1008} INFO - 
================================================================================
DAG File Processing Stats

File Path                                   PID    Runtime      # DAGs    # Errors  Last Runtime    Last Run               Last # of DB Queries
------------------------------------------  -----  ---------  --------  ----------  --------------  -------------------  ----------------------
/opt/airflow/dags/build_pinecone_search.py                           1           0  5.18s           2026-04-24T21:20:03                      12
================================================================================
[2026-04-24T21:20:55.865+0000] {manager.py:1008} INFO - 
================================================================================
DAG File Processing Stats

File Path                                   PID    Runtime      # DAGs    # Errors  Last Runtime    Last Run               Last # of DB Queries
------------------------------------------  -----  ---------  --------  ----------  --------------  -------------------  ----------------------
/opt/airflow/dags/build_pinecone_search.py                           1           0  4.71s           2026-04-24T21:20:38                      12
================================================================================
[2026-04-24T21:21:26.297+0000] {manager.py:1008} INFO - 
================================================================================
DAG File Processing Stats

File Path                                     PID  Runtime      # DAGs    # Errors  Last Runtime    Last Run               Last # of DB Queries
------------------------------------------  -----  ---------  --------  ----------  --------------  -------------------  ----------------------
/opt/airflow/dags/build_pinecone_search.py    628  16.54s            1           0  4.71s           2026-04-24T21:20:38                      12
================================================================================
[2026-04-24T21:21:56.737+0000] {manager.py:1008} INFO - 
================================================================================
DAG File Processing Stats

File Path                                   PID    Runtime      # DAGs    # Errors  Last Runtime    Last Run               Last # of DB Queries
------------------------------------------  -----  ---------  --------  ----------  --------------  -------------------  ----------------------
/opt/airflow/dags/build_pinecone_search.py                           1           0  28.78s          2026-04-24T21:21:38                      12
================================================================================
[2026-04-24T21:22:27.232+0000] {manager.py:1008} INFO - 
================================================================================
DAG File Processing Stats

File Path                                   PID    Runtime      # DAGs    # Errors  Last Runtime    Last Run               Last # of DB Queries
------------------------------------------  -----  ---------  --------  ----------  --------------  -------------------  ----------------------
/opt/airflow/dags/build_pinecone_search.py                           1           0  12.19s          2026-04-24T21:22:21                      12
================================================================================
[2026-04-24T21:22:57.858+0000] {manager.py:1008} INFO - 
================================================================================
DAG File Processing Stats

File Path                                     PID  Runtime      # DAGs    # Errors  Last Runtime    Last Run               Last # of DB Queries
------------------------------------------  -----  ---------  --------  ----------  --------------  -------------------  ----------------------
/opt/airflow/dags/build_pinecone_search.py    674  6.23s             1           0  12.19s          2026-04-24T21:22:21                      12
================================================================================
[2026-04-24T21:23:20.699+0000] {manager.py:832} INFO - Searching for files in /opt/airflow/dags
[2026-04-24T21:23:20.707+0000] {manager.py:835} INFO - There are 1 files in /opt/airflow/dags
[2026-04-24T21:23:28.110+0000] {manager.py:1008} INFO - 
================================================================================
DAG File Processing Stats

File Path                                   PID    Runtime      # DAGs    # Errors  Last Runtime    Last Run               Last # of DB Queries
------------------------------------------  -----  ---------  --------  ----------  --------------  -------------------  ----------------------
/opt/airflow/dags/build_pinecone_search.py                           1           0  6.82s           2026-04-24T21:22:58                      12
================================================================================
[2026-04-24T21:23:58.419+0000] {manager.py:1008} INFO - 
================================================================================
DAG File Processing Stats

File Path                                   PID    Runtime      # DAGs    # Errors  Last Runtime    Last Run               Last # of DB Queries
------------------------------------------  -----  ---------  --------  ----------  --------------  -------------------  ----------------------
/opt/airflow/dags/build_pinecone_search.py                           1           0  5.08s           2026-04-24T21:23:33                      12
================================================================================
[2026-04-24T21:24:29.050+0000] {manager.py:1008} INFO - 
================================================================================
DAG File Processing Stats

File Path                                   PID    Runtime      # DAGs    # Errors  Last Runtime    Last Run               Last # of DB Queries
------------------------------------------  -----  ---------  --------  ----------  --------------  -------------------  ----------------------
/opt/airflow/dags/build_pinecone_search.py                           1           0  6.57s           2026-04-24T21:24:11                      12
================================================================================
[2026-04-24T21:24:59.158+0000] {manager.py:1008} INFO - 
================================================================================
DAG File Processing Stats

File Path                                   PID    Runtime      # DAGs    # Errors  Last Runtime    Last Run               Last # of DB Queries
------------------------------------------  -----  ---------  --------  ----------  --------------  -------------------  ----------------------
/opt/airflow/dags/build_pinecone_search.py                           1           0  4.78s           2026-04-24T21:24:46                      12
================================================================================
[2026-04-24T21:25:29.523+0000] {manager.py:1008} INFO - 
================================================================================
DAG File Processing Stats

File Path                                   PID    Runtime      # DAGs    # Errors  Last Runtime    Last Run               Last # of DB Queries
------------------------------------------  -----  ---------  --------  ----------  --------------  -------------------  ----------------------
/opt/airflow/dags/build_pinecone_search.py                           1           0  5.04s           2026-04-24T21:25:21                      12
================================================================================
[2026-04-24T21:25:59.866+0000] {manager.py:1008} INFO - 
================================================================================
DAG File Processing Stats

File Path                                   PID    Runtime      # DAGs    # Errors  Last Runtime    Last Run               Last # of DB Queries
------------------------------------------  -----  ---------  --------  ----------  --------------  -------------------  ----------------------
/opt/airflow/dags/build_pinecone_search.py                           1           0  6.98s           2026-04-24T21:25:58                      12
================================================================================
[2026-04-24T21:26:30.220+0000] {manager.py:1008} INFO - 
================================================================================
DAG File Processing Stats

File Path                                     PID  Runtime      # DAGs    # Errors  Last Runtime    Last Run               Last # of DB Queries
------------------------------------------  -----  ---------  --------  ----------  --------------  -------------------  ----------------------
/opt/airflow/dags/build_pinecone_search.py    799  1.03s             1           0  6.98s           2026-04-24T21:25:58                      12
================================================================================
[2026-04-24T21:27:01.072+0000] {manager.py:1008} INFO - 
================================================================================
DAG File Processing Stats

File Path                                   PID    Runtime      # DAGs    # Errors  Last Runtime    Last Run               Last # of DB Queries
------------------------------------------  -----  ---------  --------  ----------  --------------  -------------------  ----------------------
/opt/airflow/dags/build_pinecone_search.py                           1           0  12.66s          2026-04-24T21:26:41                      12
================================================================================
[2026-04-24T21:27:31.190+0000] {manager.py:1008} INFO - 
================================================================================
DAG File Processing Stats

File Path                                   PID    Runtime      # DAGs    # Errors  Last Runtime    Last Run               Last # of DB Queries
------------------------------------------  -----  ---------  --------  ----------  --------------  -------------------  ----------------------
/opt/airflow/dags/build_pinecone_search.py                           1           0  16.25s          2026-04-24T21:27:28                      12
================================================================================
[2026-04-24T21:28:01.243+0000] {manager.py:1008} INFO - 
================================================================================
DAG File Processing Stats

File Path                                     PID  Runtime      # DAGs    # Errors  Last Runtime    Last Run               Last # of DB Queries
------------------------------------------  -----  ---------  --------  ----------  --------------  -------------------  ----------------------
/opt/airflow/dags/build_pinecone_search.py    931  2.27s             1           0  16.25s          2026-04-24T21:27:28                      12
================================================================================
[2026-04-24T21:28:21.001+0000] {manager.py:832} INFO - Searching for files in /opt/airflow/dags
[2026-04-24T21:28:21.022+0000] {manager.py:835} INFO - There are 1 files in /opt/airflow/dags
[2026-04-24T21:28:31.431+0000] {manager.py:1008} INFO - 
================================================================================
DAG File Processing Stats

File Path                                   PID    Runtime      # DAGs    # Errors  Last Runtime    Last Run               Last # of DB Queries
------------------------------------------  -----  ---------  --------  ----------  --------------  -------------------  ----------------------
/opt/airflow/dags/build_pinecone_search.py                           1           0  25.58s          2026-04-24T21:28:24                      12
================================================================================
[2026-04-24T21:29:02.374+0000] {manager.py:1008} INFO - 
================================================================================
DAG File Processing Stats

File Path                                     PID  Runtime      # DAGs    # Errors  Last Runtime    Last Run               Last # of DB Queries
------------------------------------------  -----  ---------  --------  ----------  --------------  -------------------  ----------------------
/opt/airflow/dags/build_pinecone_search.py    959  7.54s             1           0  25.58s          2026-04-24T21:28:24                      12
================================================================================
[2026-04-24T21:29:32.822+0000] {manager.py:1008} INFO - 
================================================================================
DAG File Processing Stats

File Path                                   PID    Runtime      # DAGs    # Errors  Last Runtime    Last Run               Last # of DB Queries
------------------------------------------  -----  ---------  --------  ----------  --------------  -------------------  ----------------------
/opt/airflow/dags/build_pinecone_search.py                           1           0  21.45s          2026-04-24T21:29:16                      12
================================================================================
[2026-04-24T21:30:03.736+0000] {manager.py:1008} INFO - 
================================================================================
DAG File Processing Stats

File Path                                   PID    Runtime      # DAGs    # Errors  Last Runtime    Last Run               Last # of DB Queries
------------------------------------------  -----  ---------  --------  ----------  --------------  -------------------  ----------------------
/opt/airflow/dags/build_pinecone_search.py                           1           0  10.40s          2026-04-24T21:29:57                      12
================================================================================
[2026-04-24T21:30:34.724+0000] {manager.py:1008} INFO - 
================================================================================
DAG File Processing Stats

File Path                                     PID  Runtime      # DAGs    # Errors  Last Runtime    Last Run               Last # of DB Queries
------------------------------------------  -----  ---------  --------  ----------  --------------  -------------------  ----------------------
/opt/airflow/dags/build_pinecone_search.py   1079  7.20s             1           0  10.40s          2026-04-24T21:29:57                      12
================================================================================
[2026-04-24T21:31:05.212+0000] {manager.py:1008} INFO - 
================================================================================
DAG File Processing Stats

File Path                                   PID    Runtime      # DAGs    # Errors  Last Runtime    Last Run               Last # of DB Queries
------------------------------------------  -----  ---------  --------  ----------  --------------  -------------------  ----------------------
/opt/airflow/dags/build_pinecone_search.py                           1           0  9.42s           2026-04-24T21:30:36                      12
================================================================================
[2026-04-24T21:31:35.654+0000] {manager.py:1008} INFO - 
================================================================================
DAG File Processing Stats

File Path                                   PID    Runtime      # DAGs    # Errors  Last Runtime    Last Run               Last # of DB Queries
------------------------------------------  -----  ---------  --------  ----------  --------------  -------------------  ----------------------
/opt/airflow/dags/build_pinecone_search.py                           1           0  10.13s          2026-04-24T21:31:17                      12
================================================================================
[2026-04-24T21:32:05.864+0000] {manager.py:1008} INFO - 
================================================================================
DAG File Processing Stats

File Path                                   PID    Runtime      # DAGs    # Errors  Last Runtime    Last Run               Last # of DB Queries
------------------------------------------  -----  ---------  --------  ----------  --------------  -------------------  ----------------------
/opt/airflow/dags/build_pinecone_search.py                           1           0  5.80s           2026-04-24T21:31:53                      12
================================================================================
[2026-04-24T21:32:36.213+0000] {manager.py:1008} INFO - 
================================================================================
DAG File Processing Stats

File Path                                   PID    Runtime      # DAGs    # Errors  Last Runtime    Last Run               Last # of DB Queries
------------------------------------------  -----  ---------  --------  ----------  --------------  -------------------  ----------------------
/opt/airflow/dags/build_pinecone_search.py                           1           0  5.92s           2026-04-24T21:32:30                      12
================================================================================
[2026-04-24T21:33:06.794+0000] {manager.py:1008} INFO - 
================================================================================
DAG File Processing Stats

File Path                                   PID    Runtime      # DAGs    # Errors  Last Runtime    Last Run               Last # of DB Queries
------------------------------------------  -----  ---------  --------  ----------  --------------  -------------------  ----------------------
/opt/airflow/dags/build_pinecone_search.py                           1           0  5.35s           2026-04-24T21:33:06                      12
================================================================================
[2026-04-24T21:33:21.005+0000] {manager.py:832} INFO - Searching for files in /opt/airflow/dags
[2026-04-24T21:33:21.031+0000] {manager.py:835} INFO - There are 1 files in /opt/airflow/dags
[2026-04-24T21:33:37.344+0000] {manager.py:1008} INFO - 
================================================================================
DAG File Processing Stats

File Path                                     PID  Runtime      # DAGs    # Errors  Last Runtime    Last Run               Last # of DB Queries
------------------------------------------  -----  ---------  --------  ----------  --------------  -------------------  ----------------------
/opt/airflow/dags/build_pinecone_search.py   1235  1.05s             1           0  5.35s           2026-04-24T21:33:06                      12
================================================================================
[2026-04-24T21:34:07.746+0000] {manager.py:1008} INFO - 
================================================================================
DAG File Processing Stats

File Path                                   PID    Runtime      # DAGs    # Errors  Last Runtime    Last Run               Last # of DB Queries
------------------------------------------  -----  ---------  --------  ----------  --------------  -------------------  ----------------------
/opt/airflow/dags/build_pinecone_search.py                           1           0  6.07s           2026-04-24T21:33:42                      12
================================================================================
[2026-04-24T21:34:38.249+0000] {manager.py:1008} INFO - 
================================================================================
DAG File Processing Stats

File Path                                   PID    Runtime      # DAGs    # Errors  Last Runtime    Last Run               Last # of DB Queries
------------------------------------------  -----  ---------  --------  ----------  --------------  -------------------  ----------------------
/opt/airflow/dags/build_pinecone_search.py                           1           0  4.25s           2026-04-24T21:34:17                      12
================================================================================
[2026-04-24T21:35:08.729+0000] {manager.py:1008} INFO - 
================================================================================
DAG File Processing Stats

File Path                                   PID    Runtime      # DAGs    # Errors  Last Runtime    Last Run               Last # of DB Queries
------------------------------------------  -----  ---------  --------  ----------  --------------  -------------------  ----------------------
/opt/airflow/dags/build_pinecone_search.py                           1           0  4.33s           2026-04-24T21:34:51                      12
================================================================================
[2026-04-24T21:35:39.390+0000] {manager.py:1008} INFO - 
================================================================================
DAG File Processing Stats

File Path                                   PID    Runtime      # DAGs    # Errors  Last Runtime    Last Run               Last # of DB Queries
------------------------------------------  -----  ---------  --------  ----------  --------------  -------------------  ----------------------
/opt/airflow/dags/build_pinecone_search.py                           1           0  4.28s           2026-04-24T21:35:26                      12
================================================================================
[2026-04-24T21:36:09.486+0000] {manager.py:1008} INFO - 
================================================================================
DAG File Processing Stats

File Path                                   PID    Runtime      # DAGs    # Errors  Last Runtime    Last Run               Last # of DB Queries
------------------------------------------  -----  ---------  --------  ----------  --------------  -------------------  ----------------------
/opt/airflow/dags/build_pinecone_search.py                           1           0  6.39s           2026-04-24T21:36:03                      12
================================================================================
[2026-04-24T21:36:40.566+0000] {manager.py:1008} INFO - 
================================================================================
DAG File Processing Stats

File Path                                     PID  Runtime      # DAGs    # Errors  Last Runtime    Last Run               Last # of DB Queries
------------------------------------------  -----  ---------  --------  ----------  --------------  -------------------  ----------------------
/opt/airflow/dags/build_pinecone_search.py   1341  6.42s             1           0  6.39s           2026-04-24T21:36:03                      12
================================================================================
[2026-04-24T21:37:11.158+0000] {manager.py:1008} INFO - 
================================================================================
DAG File Processing Stats

File Path                                     PID  Runtime      # DAGs    # Errors  Last Runtime    Last Run               Last # of DB Queries
------------------------------------------  -----  ---------  --------  ----------  --------------  -------------------  ----------------------
/opt/airflow/dags/build_pinecone_search.py   1367  0.01s             1           0  6.64s           2026-04-24T21:36:40                      12
================================================================================
[2026-04-24T21:37:41.235+0000] {manager.py:1008} INFO - 
================================================================================
DAG File Processing Stats

File Path                                   PID    Runtime      # DAGs    # Errors  Last Runtime    Last Run               Last # of DB Queries
------------------------------------------  -----  ---------  --------  ----------  --------------  -------------------  ----------------------
/opt/airflow/dags/build_pinecone_search.py                           1           0  5.80s           2026-04-24T21:37:16                      12
================================================================================
[2026-04-24T21:38:12.028+0000] {manager.py:1008} INFO - 
================================================================================
DAG File Processing Stats

File Path                                   PID    Runtime      # DAGs    # Errors  Last Runtime    Last Run               Last # of DB Queries
------------------------------------------  -----  ---------  --------  ----------  --------------  -------------------  ----------------------
/opt/airflow/dags/build_pinecone_search.py                           1           0  5.30s           2026-04-24T21:37:52                      12
================================================================================
[2026-04-24T21:38:21.208+0000] {manager.py:832} INFO - Searching for files in /opt/airflow/dags
[2026-04-24T21:38:21.243+0000] {manager.py:835} INFO - There are 1 files in /opt/airflow/dags
[2026-04-24T21:38:42.358+0000] {manager.py:1008} INFO - 
================================================================================
DAG File Processing Stats

File Path                                   PID    Runtime      # DAGs    # Errors  Last Runtime    Last Run               Last # of DB Queries
------------------------------------------  -----  ---------  --------  ----------  --------------  -------------------  ----------------------
/opt/airflow/dags/build_pinecone_search.py                           1           0  12.77s          2026-04-24T21:38:36                      12
================================================================================
